======================================================================
MAGICAL ATHLETE SIMULATOR - COMPREHENSIVE TEST SUITE
======================================================================
Started: 2026-01-12 15:24:21


1. CHARACTER LOADING TESTS
----------------------------------------------------------------------
  Testing Alchemist loads... ✓
  Testing BabaYaga loads... ✓
  Testing Banana loads... ✓
  Testing Blimp loads... ✓
  Testing Boogeyman loads... ✓
  Testing Centaur loads... ✓
  Testing Cheerleader loads... ✓
  Testing ClownCar loads... ✓
  Testing Coach loads... ✓
  Testing Dicemonger loads... ✓
  Testing Duelist loads... ✓
  Testing Dummy loads... ✓
  Testing Egg loads... ✓
  Testing FlipFlop loads... ✓
  Testing Genius loads... ✓
  Testing Gunk loads... ✓
  Testing Hare loads... ✓
  Testing Heckler loads... ✓
  Testing HugeBaby loads... ✓
  Testing Hypnotist loads... ✓
  Testing Inchworm loads... ✓
  Testing Lackey loads... ✓
  Testing Leaptoad loads... ✓
  Testing Legs loads... ✓
  Testing LovableLoser loads... ✓
  Testing MOUTH loads... ✓
  Testing Magician loads... ✓
  Testing Mastermind loads... ✓
  Testing PartyAnimal loads... ✓
  Testing RocketScientist loads... ✓
  Testing Romantic loads... ✓
  Testing Scoocher loads... ✓
  Testing Sisyphis loads... ✓
  Testing Skipper loads... ✓
  Testing Suckerfish loads... ✓
  Testing ThirdWheel loads... ✓
  Testing Twin loads... ✓

2. CHARACTER GAMEPLAY TESTS
----------------------------------------------------------------------
  Testing Alchemist completes game... ✓
  Testing BabaYaga completes game... ✓
  Testing Banana completes game... ✓
  Testing Blimp completes game... ✓
  Testing Boogeyman completes game... ✓
  Testing Centaur completes game... ✓
  Testing Cheerleader completes game... ✓
  Testing ClownCar completes game... ✓
  Testing Coach completes game... ✓
  Testing Dicemonger completes game... ✓
  Testing Duelist completes game... ✓
  Testing Dummy completes game... ✓
  Testing Egg completes game... ✓
  Testing FlipFlop completes game... ✓
  Testing Genius completes game... ✓
  Testing Gunk completes game... ✓
  Testing Hare completes game... ✓
  Testing Heckler completes game... ✓
  Testing HugeBaby completes game... ✓
  Testing Hypnotist completes game... ✓
  Testing Inchworm completes game... ✓
  Testing Lackey completes game... ✓
  Testing Leaptoad completes game... ✓
  Testing Legs completes game... ✓
  Testing LovableLoser completes game... ✓
  Testing MOUTH completes game... ✓
  Testing Magician completes game... ✓
  Testing Mastermind completes game... ✓
  Testing PartyAnimal completes game... ✓
  Testing RocketScientist completes game... ✓
  Testing Romantic completes game... ✓
  Testing Scoocher completes game... ✓
  Testing Sisyphis completes game... ✓
  Testing Skipper completes game... ✓
  Testing Suckerfish completes game... ✓
  Testing ThirdWheel completes game... ✓
  Testing Twin completes game... ✓

3. PHASE SYSTEM TESTS
----------------------------------------------------------------------
  Testing Phase ordering (Gunk+Inchworm)... ✓
  Testing Tripping allows abilities... ✓

4. CORE MECHANICS TESTS
----------------------------------------------------------------------
  Testing Passing detection... ✓
  Testing Move(0) guard... ✓
  Testing Recursion limits... ✓

5. BOARD MECHANICS TESTS
----------------------------------------------------------------------
  Testing Wild board spaces... ✓
  Testing Scoring system... ✓

6. COMPLEX INTERACTION TESTS
----------------------------------------------------------------------
  Testing Party Animal simultaneous moves... ✓
  Testing Legs special mechanics... ✓
  Testing Magician reroll mechanics... ✓

======================================================================
TEST SUMMARY
======================================================================
Total tests: 84
✓ Passed: 84
✗ Failed: 0
======================================================================

Completed: 2026-01-12 15:24:21
